<html>
<body>
<pre>
<h1>µVision Build Log</h1>
<h2>Tool Versions:</h2>
IDE-Version: ¦ÌVision V5.14.2
Copyright (C) 2015 ARM Ltd and ARM Germany GmbH. All rights reserved.
License Information: 1 forest, 1, LIC=D0D7S-L31VS-30KNC-7JTCQ-M33TA-5XMD0
 
Tool Versions:
Toolchain:       MDK-ARM Standard  Version: 5.35.0.2
Toolchain Path:  D:\Learn\MDK\ARM\ARMCC\Bin
C Compiler:      Armcc.exe V5.06 update 7 (build 960)
Assembler:       Armasm.exe V5.06 update 7 (build 960)
Linker/Locator:  ArmLink.exe V5.06 update 7 (build 960)
Library Manager: ArmAr.exe V5.06 update 7 (build 960)
Hex Converter:   FromElf.exe V5.06 update 7 (build 960)
CPU DLL:         SARMCM3.DLL V5.35.0.2
Dialog DLL:      DCM.DLL V1.17.3.0
Target DLL:      STLink\ST-LINKIII-KEIL_SWO.dll V3.0.9.0
Dialog DLL:      TCM.DLL V1.53.0.0
 
<h2>Project:</h2>
C:\Users\forest\Desktop\VIVADO_Prj\CMSDK_CortexM3_1\keil_prj\CMSDK_CortexM3.uvprojx
Project File Date:  02/27/2023

<h2>Output:</h2>
*** Using Compiler 'V5.06 update 7 (build 960)', folder: 'D:\Learn\MDK\ARM\ARMCC\Bin'
Build target 'Target 1'
compiling main.c...
linking...
Program Size: Code=1224 RO-data=112 RW-data=8 ZI-data=32768  
After Build - User command #1: fromelf -cvf .\Objects\CMSDK_CortexM3.axf --vhx --32x1 -o image.hex
After Build - User command #2: fromelf -cvf .\Objects\CMSDK_CortexM3.axf -o image.txt
".\Objects\CMSDK_CortexM3.axf" - 0 Error(s), 0 Warning(s).

<h2>Collection of Component include folders:</h2>
  C:\Users\forest\Desktop\VIVADO_Prj\CMSDK_CortexM3_1\keil_prj\RTE
  D:\Learn\MDK\Keil\V2M-MPS2_CMx_BSP\1.8.0\Device\CMSDK_CM3\Include

<h2>Collection of Component Files used:</h2>
</pre>
</body>
</html>
