Component: ARM Compiler 5.06 update 7 (build 960) Tool: armlink [4d3601]

==============================================================================

Section Cross References

    handler.o(i.GPIOHandler) refers to gpio.o(i.GPIO_SetBits) for GPIO_SetBits
    handler.o(i.GPIOHandler) refers to system.o(i.delay_ms) for delay_ms
    handler.o(i.SysTickHandler) refers to system.o(i.Set_SysTick_CTRL) for Set_SysTick_CTRL
    handler.o(i.UARTRXHandler) refers to uart.o(i.uart_ReceiveChar) for uart_ReceiveChar
    handler.o(i.UARTRXHandler) refers to uart.o(i.uart_SendString) for uart_SendString
    handler.o(i.UARTRXHandler) refers to uart.o(i.uart_SendChar) for uart_SendChar
    main.o(i.main) refers to system.o(i.SystemInit) for SystemInit
    main.o(i.main) refers to spi_gpio.o(i.SPI_Init) for SPI_Init
    main.o(i.main) refers to led.o(i.LED_Init) for LED_Init
    main.o(i.main) refers to key.o(i.KEY_Init) for KEY_Init
    main.o(i.main) refers to spi_gpio.o(i.Master_SPI_WR_String) for Master_SPI_WR_String
    main.o(i.main) refers to system.o(.data) for SystemCoreClock
    retarget.o(i._ttywrch) refers to uart.o(i.uart_SendChar) for uart_SendChar
    retarget.o(i.fgetc) refers to uart.o(i.uart_ReceiveChar) for uart_ReceiveChar
    retarget.o(i.fgetc) refers to uart.o(i.uart_SendChar) for uart_SendChar
    retarget.o(i.fputc) refers to uart.o(i.uart_SendChar) for uart_SendChar
    startup_cm3ds.o(RESET) refers to startup_cm3ds.o(STACK) for __initial_sp
    startup_cm3ds.o(RESET) refers to startup_cm3ds.o(.text) for Reset_Handler
    startup_cm3ds.o(RESET) refers to system.o(i.SysTick_Handler) for SysTick_Handler
    startup_cm3ds.o(.text) refers to handler.o(i.NMIHandler) for NMIHandler
    startup_cm3ds.o(.text) refers to handler.o(i.HardFaultHandler) for HardFaultHandler
    startup_cm3ds.o(.text) refers to handler.o(i.MemManageHandler) for MemManageHandler
    startup_cm3ds.o(.text) refers to handler.o(i.BusFaultHandler) for BusFaultHandler
    startup_cm3ds.o(.text) refers to handler.o(i.UsageFaultHandler) for UsageFaultHandler
    startup_cm3ds.o(.text) refers to handler.o(i.SVCHandler) for SVCHandler
    startup_cm3ds.o(.text) refers to handler.o(i.DebugMonHandler) for DebugMonHandler
    startup_cm3ds.o(.text) refers to handler.o(i.PendSVHandler) for PendSVHandler
    startup_cm3ds.o(.text) refers to handler.o(i.SysTickHandler) for SysTickHandler
    startup_cm3ds.o(.text) refers to handler.o(i.UARTTXHandler) for UARTTXHandler
    startup_cm3ds.o(.text) refers to handler.o(i.UARTRXHandler) for UARTRXHandler
    startup_cm3ds.o(.text) refers to handler.o(i.UARTOVRHandler) for UARTOVRHandler
    startup_cm3ds.o(.text) refers to handler.o(i.GPIOHandler) for GPIOHandler
    startup_cm3ds.o(.text) refers to system.o(i.SystemInit) for SystemInit
    startup_cm3ds.o(.text) refers to entry.o(.ARM.Collect$$$$00000000) for __main
    system.o(i.SysTick_Handler) refers to system.o(.data) for SystemTicks
    system.o(i.SystemCoreClockUpdate) refers to system.o(.data) for SystemCoreClock
    system.o(i.SystemInit) refers to uart.o(i.uart_init) for uart_init
    system.o(i.SystemInit) refers to system.o(.data) for SystemCoreClock
    system.o(i.delay) refers to system.o(i.Set_SysTick_CTRL) for Set_SysTick_CTRL
    system.o(i.delay) refers to system.o(i.Set_SysTick_LOAD) for Set_SysTick_LOAD
    system.o(i.delay) refers to system.o(i.Set_SysTick_VALUE) for Set_SysTick_VALUE
    system.o(i.delay_ms) refers to system.o(i.delay_us) for delay_us
    system.o(i.delay_us) refers to system.o(i.delay) for delay
    gpio.o(i.GPIO_Init) refers to gpio.o(i.GPIO_Config) for GPIO_Config
    gpio.o(i.GPIO_Init) refers to gpio.o(i.GPIO_ResetBits) for GPIO_ResetBits
    uart.o(i.uart_SendString) refers to strlen.o(.text) for strlen
    uart.o(i.uart_SendString) refers to uart.o(i.uart_SendChar) for uart_SendChar
    spi_gpio.o(i.Master_SPI_WR_Byte) refers to gpio.o(i.GPIO_ResetBits) for GPIO_ResetBits
    spi_gpio.o(i.Master_SPI_WR_Byte) refers to gpio.o(i.GPIO_SetBits) for GPIO_SetBits
    spi_gpio.o(i.Master_SPI_WR_Byte) refers to system.o(i.delay_us) for delay_us
    spi_gpio.o(i.Master_SPI_WR_Byte) refers to gpio.o(i.GPIO_ReadInputDataBit) for GPIO_ReadInputDataBit
    spi_gpio.o(i.Master_SPI_WR_String) refers to gpio.o(i.GPIO_ResetBits) for GPIO_ResetBits
    spi_gpio.o(i.Master_SPI_WR_String) refers to spi_gpio.o(i.Master_SPI_WR_Byte) for Master_SPI_WR_Byte
    spi_gpio.o(i.Master_SPI_WR_String) refers to gpio.o(i.GPIO_SetBits) for GPIO_SetBits
    spi_gpio.o(i.SPI_Init) refers to gpio.o(i.GPIO_Config) for GPIO_Config
    spi_gpio.o(i.SPI_Init) refers to gpio.o(i.GPIO_SetBits) for GPIO_SetBits
    spi_gpio.o(i.SPI_Init) refers to gpio.o(i.GPIO_ResetBits) for GPIO_ResetBits
    key.o(i.KEY_Init) refers to gpio.o(i.GPIO_Config) for GPIO_Config
    key.o(i.ScanPressedKey) refers to system.o(i.Read_SysTick_VALUE) for Read_SysTick_VALUE
    key.o(i.ScanPressedKey) refers to gpio.o(i.GPIO_ReadInputDataBit) for GPIO_ReadInputDataBit
    key.o(i.ScanPressedKey) refers to system.o(i.delay_ms) for delay_ms
    led.o(i.LED_Init) refers to gpio.o(i.GPIO_Config) for GPIO_Config
    entry.o(.ARM.Collect$$$$00000000) refers (Special) to entry10a.o(.ARM.Collect$$$$0000000F) for __rt_final_cpp
    entry.o(.ARM.Collect$$$$00000000) refers (Special) to entry11a.o(.ARM.Collect$$$$00000011) for __rt_final_exit
    entry.o(.ARM.Collect$$$$00000000) refers (Special) to entry12b.o(.ARM.Collect$$$$0000000E) for __rt_lib_shutdown_fini
    entry.o(.ARM.Collect$$$$00000000) refers (Special) to entry7b.o(.ARM.Collect$$$$00000008) for _main_clock
    entry.o(.ARM.Collect$$$$00000000) refers (Special) to entry8b.o(.ARM.Collect$$$$0000000A) for _main_cpp_init
    entry.o(.ARM.Collect$$$$00000000) refers (Special) to entry9a.o(.ARM.Collect$$$$0000000B) for _main_init
    entry.o(.ARM.Collect$$$$00000000) refers (Special) to entry5.o(.ARM.Collect$$$$00000004) for _main_scatterload
    entry.o(.ARM.Collect$$$$00000000) refers (Special) to entry2.o(.ARM.Collect$$$$00000001) for _main_stk
    entry2.o(.ARM.Collect$$$$00000001) refers to entry2.o(.ARM.Collect$$$$00002712) for __lit__00000000
    entry2.o(.ARM.Collect$$$$00002712) refers to startup_cm3ds.o(STACK) for __initial_sp
    entry2.o(__vectab_stack_and_reset_area) refers to startup_cm3ds.o(STACK) for __initial_sp
    entry2.o(__vectab_stack_and_reset_area) refers to entry.o(.ARM.Collect$$$$00000000) for __main
    entry5.o(.ARM.Collect$$$$00000004) refers to init.o(.text) for __scatterload
    entry9a.o(.ARM.Collect$$$$0000000B) refers to main.o(i.main) for main
    entry9b.o(.ARM.Collect$$$$0000000C) refers to main.o(i.main) for main
    init.o(.text) refers to entry5.o(.ARM.Collect$$$$00000004) for __main_after_scatterload


==============================================================================

Removing Unused input sections from the image.

    Removing handler.o(.rev16_text), (4 bytes).
    Removing handler.o(.revsh_text), (4 bytes).
    Removing main.o(.rev16_text), (4 bytes).
    Removing main.o(.revsh_text), (4 bytes).
    Removing retarget.o(.rev16_text), (4 bytes).
    Removing retarget.o(.revsh_text), (4 bytes).
    Removing retarget.o(i._sys_exit), (4 bytes).
    Removing retarget.o(i._ttywrch), (16 bytes).
    Removing retarget.o(i.ferror), (8 bytes).
    Removing retarget.o(i.fgetc), (34 bytes).
    Removing retarget.o(i.fputc), (32 bytes).
    Removing retarget.o(.bss), (168 bytes).
    Removing startup_cm3ds.o(HEAP), (32768 bytes).
    Removing system.o(.rev16_text), (4 bytes).
    Removing system.o(.revsh_text), (4 bytes).
    Removing system.o(i.Read_SysTick_VALUE), (8 bytes).
    Removing system.o(i.SystemCoreClockUpdate), (16 bytes).
    Removing system.o(i.Timer_Ini), (42 bytes).
    Removing system.o(i.Timer_Stop), (28 bytes).
    Removing gpio.o(.rev16_text), (4 bytes).
    Removing gpio.o(.revsh_text), (4 bytes).
    Removing gpio.o(i.GPIO_Init), (60 bytes).
    Removing gpio.o(i.GPIO_ReadInputData), (8 bytes).
    Removing gpio.o(i.GPIO_ReadOutputData), (8 bytes).
    Removing gpio.o(i.GPIO_ReadOutputDataBit), (18 bytes).
    Removing gpio.o(i.GPIO_Write), (4 bytes).
    Removing gpio.o(i.GPIO_WriteBit), (18 bytes).
    Removing uart.o(.rev16_text), (4 bytes).
    Removing uart.o(.revsh_text), (4 bytes).
    Removing uart.o(i.uart_ClearOverrunStatus), (14 bytes).
    Removing uart.o(i.uart_ClearRxIRQ), (6 bytes).
    Removing uart.o(i.uart_ClearTxIRQ), (6 bytes).
    Removing uart.o(i.uart_GetBaudDivider), (6 bytes).
    Removing uart.o(i.uart_GetOverrunStatus), (10 bytes).
    Removing uart.o(i.uart_GetRxBufferFull), (10 bytes).
    Removing uart.o(i.uart_GetRxIRQStatus), (10 bytes).
    Removing uart.o(i.uart_GetTxBufferFull), (10 bytes).
    Removing uart.o(i.uart_GetTxIRQStatus), (10 bytes).
    Removing spi_gpio.o(.rev16_text), (4 bytes).
    Removing spi_gpio.o(.revsh_text), (4 bytes).
    Removing key.o(.rev16_text), (4 bytes).
    Removing key.o(.revsh_text), (4 bytes).
    Removing key.o(i.ScanPressedKey), (88 bytes).
    Removing led.o(.rev16_text), (4 bytes).
    Removing led.o(.revsh_text), (4 bytes).

45 unused section(s) (total 33482 bytes) removed from the image.

==============================================================================

Image Symbol Table

    Local Symbols

    Symbol Name                              Value     Ov Type        Size  Object(Section)

    RESET                                    0x00000000   Section       80  startup_cm3ds.o(RESET)
    ../clib/microlib/init/entry.s            0x00000000   Number         0  entry10a.o ABSOLUTE
    ../clib/microlib/init/entry.s            0x00000000   Number         0  entry9b.o ABSOLUTE
    ../clib/microlib/init/entry.s            0x00000000   Number         0  entry9a.o ABSOLUTE
    ../clib/microlib/init/entry.s            0x00000000   Number         0  entry8b.o ABSOLUTE
    ../clib/microlib/init/entry.s            0x00000000   Number         0  entry8a.o ABSOLUTE
    ../clib/microlib/init/entry.s            0x00000000   Number         0  entry7b.o ABSOLUTE
    ../clib/microlib/init/entry.s            0x00000000   Number         0  entry7a.o ABSOLUTE
    ../clib/microlib/init/entry.s            0x00000000   Number         0  entry5.o ABSOLUTE
    ../clib/microlib/init/entry.s            0x00000000   Number         0  entry2.o ABSOLUTE
    ../clib/microlib/init/entry.s            0x00000000   Number         0  entry11a.o ABSOLUTE
    ../clib/microlib/init/entry.s            0x00000000   Number         0  entry.o ABSOLUTE
    ../clib/microlib/init/entry.s            0x00000000   Number         0  entry12b.o ABSOLUTE
    ../clib/microlib/init/entry.s            0x00000000   Number         0  entry12a.o ABSOLUTE
    ../clib/microlib/init/entry.s            0x00000000   Number         0  entry11b.o ABSOLUTE
    ../clib/microlib/init/entry.s            0x00000000   Number         0  entry10b.o ABSOLUTE
    ../clib/microlib/string/strlen.c         0x00000000   Number         0  strlen.o ABSOLUTE
    Core\Retarget.c                          0x00000000   Number         0  retarget.o ABSOLUTE
    Core\\Retarget.c                         0x00000000   Number         0  retarget.o ABSOLUTE
    Core\\handler.c                          0x00000000   Number         0  handler.o ABSOLUTE
    Core\\main.c                             0x00000000   Number         0  main.o ABSOLUTE
    Core\\system.c                           0x00000000   Number         0  system.o ABSOLUTE
    Core\handler.c                           0x00000000   Number         0  handler.o ABSOLUTE
    Core\main.c                              0x00000000   Number         0  main.o ABSOLUTE
    Core\startup_CM3DS.s                     0x00000000   Number         0  startup_cm3ds.o ABSOLUTE
    Core\system.c                            0x00000000   Number         0  system.o ABSOLUTE
    Peripheral\\gpio.c                       0x00000000   Number         0  gpio.o ABSOLUTE
    Peripheral\\spi_gpio.c                   0x00000000   Number         0  spi_gpio.o ABSOLUTE
    Peripheral\\uart.c                       0x00000000   Number         0  uart.o ABSOLUTE
    Peripheral\gpio.c                        0x00000000   Number         0  gpio.o ABSOLUTE
    Peripheral\spi_gpio.c                    0x00000000   Number         0  spi_gpio.o ABSOLUTE
    Peripheral\uart.c                        0x00000000   Number         0  uart.o ABSOLUTE
    User\\key.c                              0x00000000   Number         0  key.o ABSOLUTE
    User\\led.c                              0x00000000   Number         0  led.o ABSOLUTE
    User\key.c                               0x00000000   Number         0  key.o ABSOLUTE
    User\led.c                               0x00000000   Number         0  led.o ABSOLUTE
    dc.s                                     0x00000000   Number         0  dc.o ABSOLUTE
    handlers.s                               0x00000000   Number         0  handlers.o ABSOLUTE
    init.s                                   0x00000000   Number         0  init.o ABSOLUTE
    .ARM.Collect$$$$00000000                 0x00000050   Section        0  entry.o(.ARM.Collect$$$$00000000)
    .ARM.Collect$$$$00000001                 0x00000050   Section        4  entry2.o(.ARM.Collect$$$$00000001)
    .ARM.Collect$$$$00000004                 0x00000054   Section        4  entry5.o(.ARM.Collect$$$$00000004)
    .ARM.Collect$$$$00000008                 0x00000058   Section        0  entry7b.o(.ARM.Collect$$$$00000008)
    .ARM.Collect$$$$0000000A                 0x00000058   Section        0  entry8b.o(.ARM.Collect$$$$0000000A)
    .ARM.Collect$$$$0000000B                 0x00000058   Section        8  entry9a.o(.ARM.Collect$$$$0000000B)
    .ARM.Collect$$$$0000000E                 0x00000060   Section        4  entry12b.o(.ARM.Collect$$$$0000000E)
    .ARM.Collect$$$$0000000F                 0x00000064   Section        0  entry10a.o(.ARM.Collect$$$$0000000F)
    .ARM.Collect$$$$00000011                 0x00000064   Section        0  entry11a.o(.ARM.Collect$$$$00000011)
    .ARM.Collect$$$$00002712                 0x00000064   Section        4  entry2.o(.ARM.Collect$$$$00002712)
    __lit__00000000                          0x00000064   Data           4  entry2.o(.ARM.Collect$$$$00002712)
    .text                                    0x00000068   Section      120  startup_cm3ds.o(.text)
    .text                                    0x000000e0   Section        0  strlen.o(.text)
    .text                                    0x000000f0   Section       36  init.o(.text)
    i.BusFaultHandler                        0x00000114   Section        0  handler.o(i.BusFaultHandler)
    i.DebugMonHandler                        0x00000116   Section        0  handler.o(i.DebugMonHandler)
    i.GPIOHandler                            0x00000118   Section        0  handler.o(i.GPIOHandler)
    i.GPIO_Config                            0x0000012c   Section        0  gpio.o(i.GPIO_Config)
    i.GPIO_ReadInputDataBit                  0x00000158   Section        0  gpio.o(i.GPIO_ReadInputDataBit)
    i.GPIO_ResetBits                         0x0000016a   Section        0  gpio.o(i.GPIO_ResetBits)
    i.GPIO_SetBits                           0x00000172   Section        0  gpio.o(i.GPIO_SetBits)
    i.HardFaultHandler                       0x0000017a   Section        0  handler.o(i.HardFaultHandler)
    i.KEY_Init                               0x0000017c   Section        0  key.o(i.KEY_Init)
    i.LED_Init                               0x00000196   Section        0  led.o(i.LED_Init)
    i.Master_SPI_WR_Byte                     0x000001b0   Section        0  spi_gpio.o(i.Master_SPI_WR_Byte)
    i.Master_SPI_WR_String                   0x00000236   Section        0  spi_gpio.o(i.Master_SPI_WR_String)
    i.MemManageHandler                       0x0000026c   Section        0  handler.o(i.MemManageHandler)
    i.NMIHandler                             0x0000026e   Section        0  handler.o(i.NMIHandler)
    i.PendSVHandler                          0x00000270   Section        0  handler.o(i.PendSVHandler)
    i.SPI_Init                               0x00000272   Section        0  spi_gpio.o(i.SPI_Init)
    i.SVCHandler                             0x000002b6   Section        0  handler.o(i.SVCHandler)
    i.Set_SysTick_CTRL                       0x000002b8   Section        0  system.o(i.Set_SysTick_CTRL)
    i.Set_SysTick_LOAD                       0x000002c0   Section        0  system.o(i.Set_SysTick_LOAD)
    i.Set_SysTick_VALUE                      0x000002c8   Section        0  system.o(i.Set_SysTick_VALUE)
    i.SysTickHandler                         0x000002d0   Section        0  handler.o(i.SysTickHandler)
    i.SysTick_Handler                        0x000002ec   Section        0  system.o(i.SysTick_Handler)
    i.SystemInit                             0x000002fc   Section        0  system.o(i.SystemInit)
    i.UARTOVRHandler                         0x0000034c   Section        0  handler.o(i.UARTOVRHandler)
    i.UARTRXHandler                          0x00000350   Section        0  handler.o(i.UARTRXHandler)
    i.UARTTXHandler                          0x0000037c   Section        0  handler.o(i.UARTTXHandler)
    i.UsageFaultHandler                      0x0000037e   Section        0  handler.o(i.UsageFaultHandler)
    i.__scatterload_copy                     0x00000380   Section       14  handlers.o(i.__scatterload_copy)
    i.__scatterload_null                     0x0000038e   Section        2  handlers.o(i.__scatterload_null)
    i.__scatterload_zeroinit                 0x00000390   Section       14  handlers.o(i.__scatterload_zeroinit)
    i.delay                                  0x0000039e   Section        0  system.o(i.delay)
    i.delay_ms                               0x000003be   Section        0  system.o(i.delay_ms)
    i.delay_us                               0x000003d8   Section        0  system.o(i.delay_us)
    i.main                                   0x000003f0   Section        0  main.o(i.main)
    i.uart_ReceiveChar                       0x00000474   Section        0  uart.o(i.uart_ReceiveChar)
    i.uart_SendChar                          0x00000488   Section        0  uart.o(i.uart_SendChar)
    i.uart_SendString                        0x0000049c   Section        0  uart.o(i.uart_SendString)
    i.uart_init                              0x000004be   Section        0  uart.o(i.uart_init)
    .data                                    0x20000000   Section        8  system.o(.data)
    STACK                                    0x20000008   Section    32768  startup_cm3ds.o(STACK)

    Global Symbols

    Symbol Name                              Value     Ov Type        Size  Object(Section)

    BuildAttributes$$THM_ISAv4$P$D$K$B$S$PE$A:L22UL41UL21$X:L11$S22US41US21$IEEE1$IW$USESV6$~STKCKD$USESV7$~SHL$OSPACE$EBA8$MICROLIB$REQ8$PRES8$EABIv2 0x00000000   Number         0  anon$$obj.o ABSOLUTE
    __ARM_use_no_argv                        0x00000000   Number         0  main.o ABSOLUTE
    __Vectors                                0x00000000   Data           4  startup_cm3ds.o(RESET)
    __arm_fini_                               - Undefined Weak Reference
    __cpp_initialize__aeabi_                  - Undefined Weak Reference
    __cxa_finalize                            - Undefined Weak Reference
    __decompress                              - Undefined Weak Reference
    _clock_init                               - Undefined Weak Reference
    _microlib_exit                            - Undefined Weak Reference
    __Vectors_End                            0x00000050   Data           0  startup_cm3ds.o(RESET)
    __Vectors_Size                           0x00000050   Number         0  startup_cm3ds.o ABSOLUTE
    __main                                   0x00000051   Thumb Code     0  entry.o(.ARM.Collect$$$$00000000)
    _main_stk                                0x00000051   Thumb Code     0  entry2.o(.ARM.Collect$$$$00000001)
    _main_scatterload                        0x00000055   Thumb Code     0  entry5.o(.ARM.Collect$$$$00000004)
    __main_after_scatterload                 0x00000059   Thumb Code     0  entry5.o(.ARM.Collect$$$$00000004)
    _main_clock                              0x00000059   Thumb Code     0  entry7b.o(.ARM.Collect$$$$00000008)
    _main_cpp_init                           0x00000059   Thumb Code     0  entry8b.o(.ARM.Collect$$$$0000000A)
    _main_init                               0x00000059   Thumb Code     0  entry9a.o(.ARM.Collect$$$$0000000B)
    __rt_lib_shutdown_fini                   0x00000061   Thumb Code     0  entry12b.o(.ARM.Collect$$$$0000000E)
    __rt_final_cpp                           0x00000065   Thumb Code     0  entry10a.o(.ARM.Collect$$$$0000000F)
    __rt_final_exit                          0x00000065   Thumb Code     0  entry11a.o(.ARM.Collect$$$$00000011)
    Reset_Handler                            0x00000069   Thumb Code     8  startup_cm3ds.o(.text)
    NMI_Handler                              0x00000071   Thumb Code     8  startup_cm3ds.o(.text)
    HardFault_Handler                        0x00000079   Thumb Code     8  startup_cm3ds.o(.text)
    MemManage_Handler                        0x00000081   Thumb Code     8  startup_cm3ds.o(.text)
    BusFault_Handler                         0x00000089   Thumb Code     8  startup_cm3ds.o(.text)
    UsageFault_Handler                       0x00000091   Thumb Code     8  startup_cm3ds.o(.text)
    SVC_Handler                              0x00000099   Thumb Code     8  startup_cm3ds.o(.text)
    DebugMon_Handler                         0x000000a1   Thumb Code     8  startup_cm3ds.o(.text)
    PendSV_Handler                           0x000000a9   Thumb Code     8  startup_cm3ds.o(.text)
    UARTTX_Handler                           0x000000b9   Thumb Code     8  startup_cm3ds.o(.text)
    UARTRX_Handler                           0x000000c1   Thumb Code     8  startup_cm3ds.o(.text)
    UARTOVR_Handler                          0x000000c9   Thumb Code     8  startup_cm3ds.o(.text)
    GPIO_Handler                             0x000000d1   Thumb Code     8  startup_cm3ds.o(.text)
    strlen                                   0x000000e1   Thumb Code    14  strlen.o(.text)
    __scatterload                            0x000000f1   Thumb Code    28  init.o(.text)
    __scatterload_rt2                        0x000000f1   Thumb Code     0  init.o(.text)
    BusFaultHandler                          0x00000115   Thumb Code     2  handler.o(i.BusFaultHandler)
    DebugMonHandler                          0x00000117   Thumb Code     2  handler.o(i.DebugMonHandler)
    GPIOHandler                              0x00000119   Thumb Code    20  handler.o(i.GPIOHandler)
    GPIO_Config                              0x0000012d   Thumb Code    44  gpio.o(i.GPIO_Config)
    GPIO_ReadInputDataBit                    0x00000159   Thumb Code    18  gpio.o(i.GPIO_ReadInputDataBit)
    GPIO_ResetBits                           0x0000016b   Thumb Code     8  gpio.o(i.GPIO_ResetBits)
    GPIO_SetBits                             0x00000173   Thumb Code     8  gpio.o(i.GPIO_SetBits)
    HardFaultHandler                         0x0000017b   Thumb Code     2  handler.o(i.HardFaultHandler)
    KEY_Init                                 0x0000017d   Thumb Code    26  key.o(i.KEY_Init)
    LED_Init                                 0x00000197   Thumb Code    26  led.o(i.LED_Init)
    Master_SPI_WR_Byte                       0x000001b1   Thumb Code   134  spi_gpio.o(i.Master_SPI_WR_Byte)
    Master_SPI_WR_String                     0x00000237   Thumb Code    54  spi_gpio.o(i.Master_SPI_WR_String)
    MemManageHandler                         0x0000026d   Thumb Code     2  handler.o(i.MemManageHandler)
    NMIHandler                               0x0000026f   Thumb Code     2  handler.o(i.NMIHandler)
    PendSVHandler                            0x00000271   Thumb Code     2  handler.o(i.PendSVHandler)
    SPI_Init                                 0x00000273   Thumb Code    68  spi_gpio.o(i.SPI_Init)
    SVCHandler                               0x000002b7   Thumb Code     2  handler.o(i.SVCHandler)
    Set_SysTick_CTRL                         0x000002b9   Thumb Code     8  system.o(i.Set_SysTick_CTRL)
    Set_SysTick_LOAD                         0x000002c1   Thumb Code     8  system.o(i.Set_SysTick_LOAD)
    Set_SysTick_VALUE                        0x000002c9   Thumb Code     8  system.o(i.Set_SysTick_VALUE)
    SysTickHandler                           0x000002d1   Thumb Code    22  handler.o(i.SysTickHandler)
    SysTick_Handler                          0x000002ed   Thumb Code    12  system.o(i.SysTick_Handler)
    SystemInit                               0x000002fd   Thumb Code    70  system.o(i.SystemInit)
    UARTOVRHandler                           0x0000034d   Thumb Code     2  handler.o(i.UARTOVRHandler)
    UARTRXHandler                            0x00000351   Thumb Code    38  handler.o(i.UARTRXHandler)
    UARTTXHandler                            0x0000037d   Thumb Code     2  handler.o(i.UARTTXHandler)
    UsageFaultHandler                        0x0000037f   Thumb Code     2  handler.o(i.UsageFaultHandler)
    __scatterload_copy                       0x00000381   Thumb Code    14  handlers.o(i.__scatterload_copy)
    __scatterload_null                       0x0000038f   Thumb Code     2  handlers.o(i.__scatterload_null)
    __scatterload_zeroinit                   0x00000391   Thumb Code    14  handlers.o(i.__scatterload_zeroinit)
    delay                                    0x0000039f   Thumb Code    32  system.o(i.delay)
    delay_ms                                 0x000003bf   Thumb Code    26  system.o(i.delay_ms)
    delay_us                                 0x000003d9   Thumb Code    24  system.o(i.delay_us)
    main                                     0x000003f1   Thumb Code   112  main.o(i.main)
    uart_ReceiveChar                         0x00000475   Thumb Code    20  uart.o(i.uart_ReceiveChar)
    uart_SendChar                            0x00000489   Thumb Code    20  uart.o(i.uart_SendChar)
    uart_SendString                          0x0000049d   Thumb Code    34  uart.o(i.uart_SendString)
    uart_init                                0x000004bf   Thumb Code    88  uart.o(i.uart_init)
    Region$$Table$$Base                      0x00000518   Number         0  anon$$obj.o(Region$$Table)
    Region$$Table$$Limit                     0x00000538   Number         0  anon$$obj.o(Region$$Table)
    SystemCoreClock                          0x20000000   Data           4  system.o(.data)
    SystemTicks                              0x20000004   Data           4  system.o(.data)
    __initial_sp                             0x20008008   Data           0  startup_cm3ds.o(STACK)



==============================================================================

Memory Map of the image

  Image Entry point : 0x00000051

  Load Region LR_IROM1 (Base: 0x00000000, Size: 0x00000540, Max: 0x00010000, ABSOLUTE)

    Execution Region ER_IROM1 (Base: 0x00000000, Size: 0x00000538, Max: 0x00010000, ABSOLUTE)

    Base Addr    Size         Type   Attr      Idx    E Section Name        Object

    0x00000000   0x00000050   Data   RO          212    RESET               startup_cm3ds.o
    0x00000050   0x00000000   Code   RO          596  * .ARM.Collect$$$$00000000  mc_w.l(entry.o)
    0x00000050   0x00000004   Code   RO          601    .ARM.Collect$$$$00000001  mc_w.l(entry2.o)
    0x00000054   0x00000004   Code   RO          604    .ARM.Collect$$$$00000004  mc_w.l(entry5.o)
    0x00000058   0x00000000   Code   RO          606    .ARM.Collect$$$$00000008  mc_w.l(entry7b.o)
    0x00000058   0x00000000   Code   RO          608    .ARM.Collect$$$$0000000A  mc_w.l(entry8b.o)
    0x00000058   0x00000008   Code   RO          609    .ARM.Collect$$$$0000000B  mc_w.l(entry9a.o)
    0x00000060   0x00000004   Code   RO          616    .ARM.Collect$$$$0000000E  mc_w.l(entry12b.o)
    0x00000064   0x00000000   Code   RO          611    .ARM.Collect$$$$0000000F  mc_w.l(entry10a.o)
    0x00000064   0x00000000   Code   RO          613    .ARM.Collect$$$$00000011  mc_w.l(entry11a.o)
    0x00000064   0x00000004   Code   RO          602    .ARM.Collect$$$$00002712  mc_w.l(entry2.o)
    0x00000068   0x00000078   Code   RO          213    .text               startup_cm3ds.o
    0x000000e0   0x0000000e   Code   RO          599    .text               mc_w.l(strlen.o)
    0x000000ee   0x00000002   PAD
    0x000000f0   0x00000024   Code   RO          617    .text               mc_w.l(init.o)
    0x00000114   0x00000002   Code   RO            3    i.BusFaultHandler   handler.o
    0x00000116   0x00000002   Code   RO            4    i.DebugMonHandler   handler.o
    0x00000118   0x00000014   Code   RO            5    i.GPIOHandler       handler.o
    0x0000012c   0x0000002c   Code   RO          315    i.GPIO_Config       gpio.o
    0x00000158   0x00000012   Code   RO          318    i.GPIO_ReadInputDataBit  gpio.o
    0x0000016a   0x00000008   Code   RO          321    i.GPIO_ResetBits    gpio.o
    0x00000172   0x00000008   Code   RO          322    i.GPIO_SetBits      gpio.o
    0x0000017a   0x00000002   Code   RO            6    i.HardFaultHandler  handler.o
    0x0000017c   0x0000001a   Code   RO          542    i.KEY_Init          key.o
    0x00000196   0x0000001a   Code   RO          575    i.LED_Init          led.o
    0x000001b0   0x00000086   Code   RO          500    i.Master_SPI_WR_Byte  spi_gpio.o
    0x00000236   0x00000036   Code   RO          501    i.Master_SPI_WR_String  spi_gpio.o
    0x0000026c   0x00000002   Code   RO            7    i.MemManageHandler  handler.o
    0x0000026e   0x00000002   Code   RO            8    i.NMIHandler        handler.o
    0x00000270   0x00000002   Code   RO            9    i.PendSVHandler     handler.o
    0x00000272   0x00000044   Code   RO          502    i.SPI_Init          spi_gpio.o
    0x000002b6   0x00000002   Code   RO           10    i.SVCHandler        handler.o
    0x000002b8   0x00000008   Code   RO          220    i.Set_SysTick_CTRL  system.o
    0x000002c0   0x00000008   Code   RO          221    i.Set_SysTick_LOAD  system.o
    0x000002c8   0x00000008   Code   RO          222    i.Set_SysTick_VALUE  system.o
    0x000002d0   0x0000001c   Code   RO           11    i.SysTickHandler    handler.o
    0x000002ec   0x00000010   Code   RO          223    i.SysTick_Handler   system.o
    0x000002fc   0x00000050   Code   RO          225    i.SystemInit        system.o
    0x0000034c   0x00000002   Code   RO           12    i.UARTOVRHandler    handler.o
    0x0000034e   0x00000002   PAD
    0x00000350   0x0000002c   Code   RO           13    i.UARTRXHandler     handler.o
    0x0000037c   0x00000002   Code   RO           14    i.UARTTXHandler     handler.o
    0x0000037e   0x00000002   Code   RO           15    i.UsageFaultHandler  handler.o
    0x00000380   0x0000000e   Code   RO          621    i.__scatterload_copy  mc_w.l(handlers.o)
    0x0000038e   0x00000002   Code   RO          622    i.__scatterload_null  mc_w.l(handlers.o)
    0x00000390   0x0000000e   Code   RO          623    i.__scatterload_zeroinit  mc_w.l(handlers.o)
    0x0000039e   0x00000020   Code   RO          228    i.delay             system.o
    0x000003be   0x0000001a   Code   RO          229    i.delay_ms          system.o
    0x000003d8   0x00000018   Code   RO          230    i.delay_us          system.o
    0x000003f0   0x00000084   Code   RO          136    i.main              main.o
    0x00000474   0x00000014   Code   RO          414    i.uart_ReceiveChar  uart.o
    0x00000488   0x00000014   Code   RO          415    i.uart_SendChar     uart.o
    0x0000049c   0x00000022   Code   RO          416    i.uart_SendString   uart.o
    0x000004be   0x00000058   Code   RO          417    i.uart_init         uart.o
    0x00000516   0x00000002   PAD
    0x00000518   0x00000020   Data   RO          619    Region$$Table       anon$$obj.o


    Execution Region RW_IRAM1 (Base: 0x20000000, Size: 0x00008008, Max: 0x00010000, ABSOLUTE)

    Base Addr    Size         Type   Attr      Idx    E Section Name        Object

    0x20000000   0x00000008   Data   RW          231    .data               system.o
    0x20000008   0x00008000   Zero   RW          210    STACK               startup_cm3ds.o


==============================================================================

Image component sizes


      Code (inc. data)   RO Data    RW Data    ZI Data      Debug   Object Name

        78          0          0          0          0       3862   gpio.o
       112         12          0          0          0      12328   handler.o
        26          0          0          0          0        447   key.o
        26          0          0          0          0        447   led.o
       132         20          0          0          0      24346   main.o
       256          0          0          0          0       2063   spi_gpio.o
       120          8         80          0      32768        940   startup_cm3ds.o
       202         14          0          8          0      28092   system.o
       162          0          0          0          0       4609   uart.o

    ----------------------------------------------------------------------
      1118         54        112          8      32768      77134   Object Totals
         0          0         32          0          0          0   (incl. Generated)
         4          0          0          0          0          0   (incl. Padding)

    ----------------------------------------------------------------------

      Code (inc. data)   RO Data    RW Data    ZI Data      Debug   Library Member Name

         0          0          0          0          0          0   entry.o
         0          0          0          0          0          0   entry10a.o
         0          0          0          0          0          0   entry11a.o
         4          0          0          0          0          0   entry12b.o
         8          4          0          0          0          0   entry2.o
         4          0          0          0          0          0   entry5.o
         0          0          0          0          0          0   entry7b.o
         0          0          0          0          0          0   entry8b.o
         8          4          0          0          0          0   entry9a.o
        30          0          0          0          0          0   handlers.o
        36          8          0          0          0         68   init.o
        14          0          0          0          0         68   strlen.o

    ----------------------------------------------------------------------
       106         16          0          0          0        136   Library Totals
         2          0          0          0          0          0   (incl. Padding)

    ----------------------------------------------------------------------

      Code (inc. data)   RO Data    RW Data    ZI Data      Debug   Library Name

       104         16          0          0          0        136   mc_w.l

    ----------------------------------------------------------------------
       106         16          0          0          0        136   Library Totals

    ----------------------------------------------------------------------

==============================================================================


      Code (inc. data)   RO Data    RW Data    ZI Data      Debug   

      1224         70        112          8      32768      75810   Grand Totals
      1224         70        112          8      32768      75810   ELF Image Totals
      1224         70        112          8          0          0   ROM Totals

==============================================================================

    Total RO  Size (Code + RO Data)                 1336 (   1.30kB)
    Total RW  Size (RW Data + ZI Data)             32776 (  32.01kB)
    Total ROM Size (Code + RO Data + RW Data)       1344 (   1.31kB)

==============================================================================

